Index out of bounds: -2, len is 4


---
Exit: 255
