4 char char
1 assign =
4 char '\n'
1 semi ;
0 eof 
