5 begin begin
7 println println
14 string "Hello world!"
3 end end
0 eof 
