1 identifier a
1 identifier b
1 identifier c
1 identifier d
1 identifier e
0 eof 
