57 string "\"
String not over

All of this is the same lline

\'

"
0 eof 
