1 number 2
1 minus -
2 number 12
7 number 1234134
0 eof 
