8 1 lparen (
10 1 rparen )
12 1 assign =
14 1 semi ;
16 1 comma ,
18 1 lsquare [
20 1 rsquare ]
22 1 not !
24 1 minus -
26 1 times *
28 1 div /
30 1 mod %
32 1 plus +
34 1 gt >
35 1 comma ,
37 2 ge >=
40 1 lt <
42 2 le <=
45 2 eq ==
48 2 ne !=
51 2 and &&
54 2 or ||
56 0 eof 
