===========================================
========== Hash Table Program =============
===========================================
=                                         =
= Please choose the following options:    =
=                                         =
= a: insert an integer                    =
= b: find an integer                      =
= c: count the integers                   =
= d: print all integers                   =
= e: remove an integer                    =
= f: remove all integers                  =
= g: exit                                 =
=                                         =
===========================================
Your decision: Here are the integers: 
===========================================
========== Hash Table Program =============
===========================================
=                                         =
= Please choose the following options:    =
=                                         =
= a: insert an integer                    =
= b: find an integer                      =
= c: count the integers                   =
= d: print all integers                   =
= e: remove an integer                    =
= f: remove all integers                  =
= g: exit                                 =
=                                         =
===========================================
Your decision: Please enter an integer to insert: You have entered: 1
Successfully insert it. The integer is new.
===========================================
========== Hash Table Program =============
===========================================
=                                         =
= Please choose the following options:    =
=                                         =
= a: insert an integer                    =
= b: find an integer                      =
= c: count the integers                   =
= d: print all integers                   =
= e: remove an integer                    =
= f: remove all integers                  =
= g: exit                                 =
=                                         =
===========================================
Your decision: Please enter an integer to insert: You have entered: 2
Successfully insert it. The integer is new.
===========================================
========== Hash Table Program =============
===========================================
=                                         =
= Please choose the following options:    =
=                                         =
= a: insert an integer                    =
= b: find an integer                      =
= c: count the integers                   =
= d: print all integers                   =
= e: remove an integer                    =
= f: remove all integers                  =
= g: exit                                 =
=                                         =
===========================================
Your decision: Please enter an integer to insert: You have entered: 3
Successfully insert it. The integer is new.
===========================================
========== Hash Table Program =============
===========================================
=                                         =
= Please choose the following options:    =
=                                         =
= a: insert an integer                    =
= b: find an integer                      =
= c: count the integers                   =
= d: print all integers                   =
= e: remove an integer                    =
= f: remove all integers                  =
= g: exit                                 =
=                                         =
===========================================
Your decision: Here are the integers: 1 2 3 
===========================================
========== Hash Table Program =============
===========================================
=                                         =
= Please choose the following options:    =
=                                         =
= a: insert an integer                    =
= b: find an integer                      =
= c: count the integers                   =
= d: print all integers                   =
= e: remove an integer                    =
= f: remove all integers                  =
= g: exit                                 =
=                                         =
===========================================
Your decision: Please enter an integer to remove: You have entered: 3
The integer has been removed.
===========================================
========== Hash Table Program =============
===========================================
=                                         =
= Please choose the following options:    =
=                                         =
= a: insert an integer                    =
= b: find an integer                      =
= c: count the integers                   =
= d: print all integers                   =
= e: remove an integer                    =
= f: remove all integers                  =
= g: exit                                 =
=                                         =
===========================================
Your decision: Here are the integers: 1 2 
===========================================
========== Hash Table Program =============
===========================================
=                                         =
= Please choose the following options:    =
=                                         =
= a: insert an integer                    =
= b: find an integer                      =
= c: count the integers                   =
= d: print all integers                   =
= e: remove an integer                    =
= f: remove all integers                  =
= g: exit                                 =
=                                         =
===========================================
Your decision: All integers have been removed.
===========================================
========== Hash Table Program =============
===========================================
=                                         =
= Please choose the following options:    =
=                                         =
= a: insert an integer                    =
= b: find an integer                      =
= c: count the integers                   =
= d: print all integers                   =
= e: remove an integer                    =
= f: remove all integers                  =
= g: exit                                 =
=                                         =
===========================================
Your decision: Here are the integers: 
===========================================
========== Hash Table Program =============
===========================================
=                                         =
= Please choose the following options:    =
=                                         =
= a: insert an integer                    =
= b: find an integer                      =
= c: count the integers                   =
= d: print all integers                   =
= e: remove an integer                    =
= f: remove all integers                  =
= g: exit                                 =
=                                         =
===========================================
Your decision: Goodbye Human
