========= Tic Tac Toe ================
=  Because we know you want to win   =
======================================
=                                    =
= Who would you like to be?          =
=   x  (play first)                  =
=   o  (play second)                 =
=   q  (quit)                        =
=                                    =
======================================
Which symbol you would like to choose: You have chosen: x
Initialising AI. Please wait, this may take a few minutes.
 1 2 3
1 | | 
 -+-+-
2 | | 
 -+-+-
3 | | 

What is your next move?
 row (1-3):  column (1-3): 
AI is cleaning up its memory...
 1 2 3
1x| | 
 -+-+-
2 | | 
 -+-+-
3 | | 

AI is cleaning up its memory...
The AI played at row 2 column 2
 1 2 3
1x| | 
 -+-+-
2 |o| 
 -+-+-
3 | | 

What is your next move?
 row (1-3):  column (1-3): 
AI is cleaning up its memory...
 1 2 3
1x| | 
 -+-+-
2 |o| 
 -+-+-
3 | |x

AI is cleaning up its memory...
The AI played at row 1 column 2
 1 2 3
1x|o| 
 -+-+-
2 |o| 
 -+-+-
3 | |x

What is your next move?
 row (1-3):  column (1-3): 
AI is cleaning up its memory...
 1 2 3
1x|o| 
 -+-+-
2 |o| 
 -+-+-
3 |x|x

AI is cleaning up its memory...
The AI played at row 3 column 1
 1 2 3
1x|o| 
 -+-+-
2 |o| 
 -+-+-
3o|x|x

What is your next move?
 row (1-3):  column (1-3): 
AI is cleaning up its memory...
 1 2 3
1x|o|x
 -+-+-
2 |o| 
 -+-+-
3o|x|x

AI is cleaning up its memory...
The AI played at row 2 column 3
 1 2 3
1x|o|x
 -+-+-
2 |o|o
 -+-+-
3o|x|x

What is your next move?
 row (1-3):  column (1-3): 
AI is cleaning up its memory...
 1 2 3
1x|o|x
 -+-+-
2x|o|o
 -+-+-
3o|x|x

Stalemate!
