Enter the first number: Enter the second number: Initial value of x: 12
(+)(+)(+)(+)(+)(+)(+)(+)(+)(+)(+)(+)(+)(+)
final value of x: 26
