This program calculates the nth fibonacci number recursively.
Please enter n (should not be too large): #input#
The input n is #output#
The nth fibonacci number is #output#
