Please enter the size of the triangle to print:
#input#
#output#
